**********************
Inicio de la transcripción de Windows PowerShell
Hora de inicio: 20200229104227
Nombre de usuario: DESKTOP-SOUHA69\jeffe
Usuario RunAs: DESKTOP-SOUHA69\jeffe
Nombre de la configuración: 
Máquina: DESKTOP-SOUHA69 (Microsoft Windows NT 10.0.17134.0)
Aplicación host: C:\WINDOWS\system32\WindowsPowerShell\v1.0\PowerShell_ISE.exe
Id. de proceso: 2492
PSVersion: 5.1.17134.858
PSEdition: Desktop
PSCompatibleVersions: 1.0, 2.0, 3.0, 4.0, 5.0, 5.1.17134.858
BuildVersion: 10.0.17134.858
CLRVersion: 4.0.30319.42000
WSManStackVersion: 3.0
PSRemotingProtocolVersion: 2.3
SerializationVersion: 1.1.0.1
**********************
La transcripción ha comenzado. El archivo de salida es C:\Users\jeffe\OneDrive\Documentos\PowerShell_transcript.DESKTOP-SOUHA69.lNsf7QY8.20200229104227.txt
PS C:\WINDOWS\system32> cd ..
PS C:\WINDOWS> cd ..
PS C:\> cd C:\Users\jeffe\OneDrive\Escritorio\
PS C:\Users\jeffe\OneDrive\Escritorio> ni prueba1.txt -Value: "Aqui hay una frase"


    Directorio: C:\Users\jeffe\OneDrive\Escritorio


Mode                LastWriteTime         Length Name
----                -------------         ------ ----
-a----    29/02/2020  10:43 a. m.             18 prueba1.txt


PS C:\Users\jeffe\OneDrive\Escritorio> ni prueba2.txt -Value: "Aqui hay otra frase"


    Directorio: C:\Users\jeffe\OneDrive\Escritorio


Mode                LastWriteTime         Length Name
----                -------------         ------ ----
-a----    29/02/2020  10:44 a. m.             19 prueba2.txt


PS C:\Users\jeffe\OneDrive\Escritorio> diff (get -content prueba1.txt) (get -content prueba2.txt)
get : El término 'get' no se reconoce como nombre de un cmdlet, función, archivo de script o programa ejecutable. 
Compruebe si escribió correctamente el nombre o, si incluyó una ruta de acceso, compruebe que dicha ruta es correcta e 
inténtelo de nuevo.
En línea: 1 Carácter: 7
+ diff (get -content prueba1.txt) (get -content prueba2.txt)
+       ~~~
    + CategoryInfo          : ObjectNotFound: (get:String) [], CommandNotFoundException
    + FullyQualifiedErrorId : CommandNotFoundException
get : El término 'get' no se reconoce como nombre de un cmdlet, función, archivo de script o programa ejecutable.
Compruebe si escribió correctamente el nombre o, si incluyó una ruta de acceso, compruebe que dicha ruta es correcta
e inténtelo de nuevo.
En línea: 1 Carácter: 7
+ diff (get -content prueba1.txt) (get -content prueba2.txt)
+       ~~~
    + CategoryInfo          : ObjectNotFound: (get:String) [], CommandNotFoundException
    + FullyQualifiedErrorId : CommandNotFoundException

PS C:\Users\jeffe\OneDrive\Escritorio> diff (prueba1.txt) (prueba2.txt)
prueba1.txt : El término 'prueba1.txt' no se reconoce como nombre de un cmdlet, función, archivo de script o programa 
ejecutable. Compruebe si escribió correctamente el nombre o, si incluyó una ruta de acceso, compruebe que dicha ruta es 
correcta e inténtelo de nuevo.
En línea: 1 Carácter: 7
+ diff (prueba1.txt) (prueba2.txt)
+       ~~~~~~~~~~~
    + CategoryInfo          : ObjectNotFound: (prueba1.txt:String) [], CommandNotFoundException
    + FullyQualifiedErrorId : CommandNotFoundException
prueba1.txt : El término 'prueba1.txt' no se reconoce como nombre de un cmdlet, función, archivo de script o
programa ejecutable. Compruebe si escribió correctamente el nombre o, si incluyó una ruta de acceso, compruebe que
dicha ruta es correcta e inténtelo de nuevo.
En línea: 1 Carácter: 7
+ diff (prueba1.txt) (prueba2.txt)
+       ~~~~~~~~~~~
    + CategoryInfo          : ObjectNotFound: (prueba1.txt:String) [], CommandNotFoundException
    + FullyQualifiedErrorId : CommandNotFoundException

PS C:\Users\jeffe\OneDrive\Escritorio> diff (cat prueba1.txt) (cat prueba2.txt)

InputObject         SideIndicator
-----------         -------------
Aqui hay otra frase =>
Aqui hay una frase  <=


PS C:\Users\jeffe\OneDrive\Escritorio> get-service | export-csv servicios.csv | out
out : El término 'out' no se reconoce como nombre de un cmdlet, función, archivo de script o programa ejecutable. 
Compruebe si escribió correctamente el nombre o, si incluyó una ruta de acceso, compruebe que dicha ruta es correcta e 
inténtelo de nuevo.
En línea: 1 Carácter: 42
+ get-service | export-csv servicios.csv | out
+                                          ~~~
    + CategoryInfo          : ObjectNotFound: (out:String) [], CommandNotFoundException
    + FullyQualifiedErrorId : CommandNotFoundException
out : El término 'out' no se reconoce como nombre de un cmdlet, función, archivo de script o programa ejecutable.
Compruebe si escribió correctamente el nombre o, si incluyó una ruta de acceso, compruebe que dicha ruta es correcta
e inténtelo de nuevo.
En línea: 1 Carácter: 42
+ get-service | export-csv servicios.csv | out
+                                          ~~~
    + CategoryInfo          : ObjectNotFound: (out:String) [], CommandNotFoundException
    + FullyQualifiedErrorId : CommandNotFoundException

PS C:\Users\jeffe\OneDrive\Escritorio> get-service | export-csv servicios.csv | Out-File
>> ErrorTerminación(Out-File): "No se puede procesar el argumento porque el valor del argumento "path" es NULL. Cambie el valor del argumento "path" a un valor no nulo."
Out-File : No se puede procesar el argumento porque el valor del argumento "path" es NULL. Cambie el valor del 
argumento "path" a un valor no nulo.
En línea: 1 Carácter: 42
+ get-service | export-csv servicios.csv | Out-File
+                                          ~~~~~~~~
    + CategoryInfo          : InvalidArgument: (:) [Out-File], PSArgumentNullException
    + FullyQualifiedErrorId : ArgumentNull,Microsoft.PowerShell.Commands.OutFileCommand
Out-File : No se puede procesar el argumento porque el valor del argumento "path" es NULL. Cambie el valor del
argumento "path" a un valor no nulo.
En línea: 1 Carácter: 42
+ get-service | export-csv servicios.csv | Out-File
+                                          ~~~~~~~~
    + CategoryInfo          : InvalidArgument: (:) [Out-File], PSArgumentNullException
    + FullyQualifiedErrorId : ArgumentNull,Microsoft.PowerShell.Commands.OutFileCommand

PS C:\Users\jeffe\OneDrive\Escritorio> help Export-Csv

NOMBRE
    Export-Csv

SINTAXIS
    Export-Csv [[-Path] <string>] [[-Delimiter] <char>]  [<CommonParameters>]

    Export-Csv [[-Path] <string>]  [<CommonParameters>]


ALIAS
    epcsv


NOTAS
    Get-Help no encuentra los archivos de Ayuda para este cmdlet en el equipo. Mostrará solo una parte de la Ayuda.
        -- Para descargar e instalar los archivos de Ayuda para el módulo que incluye este cmdlet, use Update-Help.
        -- Para ver en línea el tema de Ayuda de este cmdlet, escriba "Get-Help Export-Csv -Online" o
           vaya a https://go.microsoft.com/fwlink/?LinkID=113299.



PS C:\Users\jeffe\OneDrive\Escritorio> Update-Help
Update-Help : No se pudo actualizar la Ayuda para los módulos 'Defender, Microsoft.PowerShell.ODataUtils, 
Microsoft.PowerShell.Operation.Validation, WindowsDeveloperLicense' con las referencias culturales de interfaz de 
usuario {es-ES} : No se puede conectar con el contenido de la Ayuda. Es posible que el servidor donde está almacenado 
este contenido no esté disponible. Compruebe que el servidor esté disponible, o espere a que el servidor vuelva a estar 
en línea, e intente ejecutar el comando de nuevo.
En línea: 1 Carácter: 1
+ Update-Help
+ ~~~~~~~~~~~
    + CategoryInfo          : InvalidOperation: (:) [Update-Help], Exception
    + FullyQualifiedErrorId : UnableToConnect,Microsoft.PowerShell.Commands.UpdateHelpCommand
Update-Help : No se pudo actualizar la Ayuda para los módulos 'Defender, Microsoft.PowerShell.ODataUtils,
Microsoft.PowerShell.Operation.Validation, WindowsDeveloperLicense' con las referencias culturales de interfaz de
usuario {es-ES} : No se puede conectar con el contenido de la Ayuda. Es posible que el servidor donde está
almacenado este contenido no esté disponible. Compruebe que el servidor esté disponible, o espere a que el servidor
vuelva a estar en línea, e intente ejecutar el comando de nuevo.
En línea: 1 Carácter: 1
+ Update-Help
+ ~~~~~~~~~~~
    + CategoryInfo          : InvalidOperation: (:) [Update-Help], Exception
    + FullyQualifiedErrorId : UnableToConnect,Microsoft.PowerShell.Commands.UpdateHelpCommand

Update-Help : No se pudo actualizar la Ayuda para los módulos 'WindowsUpdateProvider' con las referencias culturales de 
interfaz de usuario {es-ES} : No se puede recuperar el archivo XML HelpInfo para la referencia cultural de la interfaz 
de usuario es-ES. Asegúrese de que la propiedad HelpInfoUri del manifiesto del módulo sea válida o compruebe la 
conexión de red e intente ejecutar el comando de nuevo.
En línea: 1 Carácter: 1
+ Update-Help
+ ~~~~~~~~~~~
    + CategoryInfo          : ResourceUnavailable: (:) [Update-Help], Exception
    + FullyQualifiedErrorId : UnableToRetrieveHelpInfoXml,Microsoft.PowerShell.Commands.UpdateHelpCommand
Update-Help : No se pudo actualizar la Ayuda para los módulos 'WindowsUpdateProvider' con las referencias culturales
de interfaz de usuario {es-ES} : No se puede recuperar el archivo XML HelpInfo para la referencia cultural de la
interfaz de usuario es-ES. Asegúrese de que la propiedad HelpInfoUri del manifiesto del módulo sea válida o
compruebe la conexión de red e intente ejecutar el comando de nuevo.
En línea: 1 Carácter: 1
+ Update-Help
+ ~~~~~~~~~~~
    + CategoryInfo          : ResourceUnavailable: (:) [Update-Help], Exception
    + FullyQualifiedErrorId : UnableToRetrieveHelpInfoXml,Microsoft.PowerShell.Commands.UpdateHelpCommand

PS C:\Users\jeffe\OneDrive\Escritorio> help Export-Alias

NOMBRE
    Export-Alias

SINOPSIS
    Exports information about currently defined aliases to a file.


SINTAXIS
    Export-Alias [[-Name] <String[]>] [-Append] [-As {Csv | Script}] [-Confirm] [-Description <String>] [-Force]
    -LiteralPath <String> [-NoClobber] [-PassThru] [-Scope <String>] [-WhatIf] [<CommonParameters>]

    Export-Alias [-Path] <String> [[-Name] <String[]>] [-Append] [-As {Csv | Script}] [-Confirm] [-Description
    <String>] [-Force] [-NoClobber] [-PassThru] [-Scope <String>] [-WhatIf] [<CommonParameters>]


DESCRIPCIÓN
    The Export-Alias cmdlet exports the aliases in the current session to a file. If the output file does not exist,
    the cmdlet will create it. Export-Alias can export the aliases in a particular scope or all scopes, it can
    generate the data in CSV format or as a series of Set-Alias commands that you can add to a session or to a
    Windows PowerShell profile.


VÍNCULOS RELACIONADOS
    Online Version: http://go.microsoft.com/fwlink/?LinkId=821766
    Get-Alias
    Import-Alias
    New-Alias
    Set-Alias

NOTAS
    Para ver los ejemplos, escriba: "get-help Export-Alias -examples".
    Para obtener más información, escriba: "get-help Export-Alias -detailed".
    Para obtener información técnica, escriba: "get-help Export-Alias -full".
    Para obtener ayuda disponible en línea, escriba: "get-help Export-Alias -online"


PS C:\Users\jeffe\OneDrive\Escritorio> Estaba probando el hep xd
Estaba : El término 'Estaba' no se reconoce como nombre de un cmdlet, función, archivo de script o programa ejecutable. 
Compruebe si escribió correctamente el nombre o, si incluyó una ruta de acceso, compruebe que dicha ruta es correcta e 
inténtelo de nuevo.
En línea: 1 Carácter: 1
+ Estaba probando el hep xd
+ ~~~~~~
    + CategoryInfo          : ObjectNotFound: (Estaba:String) [], CommandNotFoundException
    + FullyQualifiedErrorId : CommandNotFoundException
Estaba : El término 'Estaba' no se reconoce como nombre de un cmdlet, función, archivo de script o programa
ejecutable. Compruebe si escribió correctamente el nombre o, si incluyó una ruta de acceso, compruebe que dicha ruta
es correcta e inténtelo de nuevo.
En línea: 1 Carácter: 1
+ Estaba probando el hep xd
+ ~~~~~~
    + CategoryInfo          : ObjectNotFound: (Estaba:String) [], CommandNotFoundException
    + FullyQualifiedErrorId : CommandNotFoundException

PS C:\Users\jeffe\OneDrive\Escritorio> Export-Csv archivo.Csv -Delimiter ';'
PS C:\Users\jeffe\OneDrive\Escritorio> help Export-Csv

NOMBRE
    Export-Csv

SINOPSIS
    Converts objects into a series of comma-separated (CSV) strings and saves the strings in a CSV file.


SINTAXIS
    Export-Csv [[-Path] <String>] [[-Delimiter] <Char>] [-Append] [-Confirm] [-Encoding {Unicode | UTF7 | UTF8 |
    ASCII | UTF32 | BigEndianUnicode | Default | OEM}] [-Force] -InputObject <PSObject> [-LiteralPath <String>]
    [-NoClobber] [-NoTypeInformation] [-WhatIf] [<CommonParameters>]

    Export-Csv [[-Path] <String>] [-Append] [-Confirm] [-Encoding {Unicode | UTF7 | UTF8 | ASCII | UTF32 |
    BigEndianUnicode | Default | OEM}] [-Force] -InputObject <PSObject> [-LiteralPath <String>] [-NoClobber]
    [-NoTypeInformation] [-UseCulture] [-WhatIf] [<CommonParameters>]


DESCRIPCIÓN
    The Export-CSV cmdlet creates a CSV file of the objects that you submit. Each object is represented as a line or
    row of the CSV. The row consists of a comma-separated list of the values of object properties. You can use this
    cmdlet to create spreadsheets and share data with programs that take CSV files as input.

    Do not format objects before sending them to the Export-CSV cmdlet. If you do, the format properties are
    represented in the CSV file, instead of the properties of the original objects. To export only selected
    properties of an object, use the Select-Object cmdlet.


VÍNCULOS RELACIONADOS
    Online Version: http://go.microsoft.com/fwlink/?LinkId=821769
    ConvertFrom-Csv
    ConvertTo-Csv
    Format-Table
    Import-Csv
    Select-Object

NOTAS
    Para ver los ejemplos, escriba: "get-help Export-Csv -examples".
    Para obtener más información, escriba: "get-help Export-Csv -detailed".
    Para obtener información técnica, escriba: "get-help Export-Csv -full".
    Para obtener ayuda disponible en línea, escriba: "get-help Export-Csv -online"


PS C:\Users\jeffe\OneDrive\Escritorio>  Export-Csv archivo.Csv -Confirm
Confirmar
¿Está seguro de que desea realizar esta acción?
Se está realizando la operación "Export-Csv" en el destino "archivo.Csv".
&Sí  Sí a t&odo  &No  No a &todo  S&uspender
S
PS C:\Users\jeffe\OneDrive\Escritorio>  Export-Csv archivo.Csv -Confirm
Confirmar
¿Está seguro de que desea realizar esta acción?
Se está realizando la operación "Export-Csv" en el destino "archivo.Csv".
&Sí  Sí a t&odo  &No  No a &todo  S&uspender
S
PS C:\Users\jeffe\OneDrive\Escritorio>  Export-Csv archivo.Csv -NoClobber
>> ErrorTerminación(Export-Csv): "El archivo 'C:\Users\jeffe\OneDrive\Escritorio\archivo.Csv' ya existe."
Export-Csv : El archivo 'C:\Users\jeffe\OneDrive\Escritorio\archivo.Csv' ya existe.
En línea: 1 Carácter: 2
+  Export-Csv archivo.Csv -NoClobber
+  ~~~~~~~~~~~~~~~~~~~~~~~~~~~~~~~~~
    + CategoryInfo          : ResourceExists: (C:\Users\jeffe\...rio\archivo.Csv:String) [Export-Csv], IOException
    + FullyQualifiedErrorId : NoClobber,Microsoft.PowerShell.Commands.ExportCsvCommand
Export-Csv : El archivo 'C:\Users\jeffe\OneDrive\Escritorio\archivo.Csv' ya existe.
En línea: 1 Carácter: 2
+  Export-Csv archivo.Csv -NoClobber
+  ~~~~~~~~~~~~~~~~~~~~~~~~~~~~~~~~~
    + CategoryInfo          : ResourceExists: (C:\Users\jeffe\...rio\archivo.Csv:String) [Export-Csv], IOException
    + FullyQualifiedErrorId : NoClobber,Microsoft.PowerShell.Commands.ExportCsvCommand

PS C:\Users\jeffe\OneDrive\Escritorio>  Export-Csv archivo.Csv -NoClobber
PS C:\Users\jeffe\OneDrive\Escritorio>  Export-Csv archivo.Csv -Confirm
Confirmar
¿Está seguro de que desea realizar esta acción?
Se está realizando la operación "Export-Csv" en el destino "archivo.Csv".
&Sí  Sí a t&odo  &No  No a &todo  S&uspender
S
PS C:\Users\jeffe\OneDrive\Escritorio> Export-Csv archivo.csv -Delimiter (Get-Culture).TextInfo.ListSeparator

PS C:\Users\jeffe\OneDrive\Escritorio> help Get-Date

NOMBRE
    Get-Date

SINOPSIS
    Gets the current date and time.


SINTAXIS
    Get-Date [[-Date] <DateTime>] [-Day <Int32>] [-DisplayHint {Date | Time | DateTime}] [-Format <String>] [-Hour
    <Int32>] [-Millisecond <Int32>] [-Minute <Int32>] [-Month <Int32>] [-Second <Int32>] [-Year <Int32>]
    [<CommonParameters>]

    Get-Date [[-Date] <DateTime>] [-Day <Int32>] [-DisplayHint {Date | Time | DateTime}] [-Hour <Int32>]
    [-Millisecond <Int32>] [-Minute <Int32>] [-Month <Int32>] [-Second <Int32>] [-UFormat <String>] [-Year <Int32>]
    [<CommonParameters>]


DESCRIPCIÓN
    The Get-Date cmdlet gets a DateTime object that represents the current date or a date that you specify. It can
    format the date and time in several Windows and UNIX formats. You can use Get-Date to generate a date or time
    character string, and then send the string to other cmdlets or programs.


VÍNCULOS RELACIONADOS
    Online Version: http://go.microsoft.com/fwlink/?LinkId=821781
    New-TimeSpan
    Set-Date

NOTAS
    Para ver los ejemplos, escriba: "get-help Get-Date -examples".
    Para obtener más información, escriba: "get-help Get-Date -detailed".
    Para obtener información técnica, escriba: "get-help Get-Date -full".
    Para obtener ayuda disponible en línea, escriba: "get-help Get-Date -online"


PS C:\Users\jeffe\OneDrive\Escritorio> Get-Date -Day
>> ErrorTerminación(Get-Date): "Falta un argumento para el parámetro 'Day'. Especifique un parámetro del tipo 'System.Int32' e inténtelo de nuevo."
Get-Date : Falta un argumento para el parámetro 'Day'. Especifique un parámetro del tipo 'System.Int32' e inténtelo de 
nuevo.
En línea: 1 Carácter: 10
+ Get-Date -Day
+          ~~~~
    + CategoryInfo          : InvalidArgument: (:) [Get-Date], ParameterBindingException
    + FullyQualifiedErrorId : MissingArgument,Microsoft.PowerShell.Commands.GetDateCommand
Get-Date : Falta un argumento para el parámetro 'Day'. Especifique un parámetro del tipo 'System.Int32' e inténtelo
de nuevo.
En línea: 1 Carácter: 10
+ Get-Date -Day
+          ~~~~
    + CategoryInfo          : InvalidArgument: (:) [Get-Date], ParameterBindingException
    + FullyQualifiedErrorId : MissingArgument,Microsoft.PowerShell.Commands.GetDateCommand

PS C:\Users\jeffe\OneDrive\Escritorio> (Get-Date).DayOfWeek
Saturday
PS C:\Users\jeffe\OneDrive\Escritorio> help get

Name                              Category  Module                    Synopsis
----                              --------  ------                    --------
Get-Verb                          Function                            Gets approved Windows PowerShell verbs.
Get-IseSnippet                    Function  ISE
Get-FileHash                      Function  Microsoft.PowerShell.U... Computes the hash value for a file by using ...
Get-Command                       Cmdlet    Microsoft.PowerShell.Core Gets all commands.
Get-Help                          Cmdlet    Microsoft.PowerShell.Core Displays information about Windows PowerShel...
Get-History                       Cmdlet    Microsoft.PowerShell.Core Gets a list of the commands entered during t...
Get-Job                           Cmdlet    Microsoft.PowerShell.Core Gets Windows PowerShell background jobs that...
Get-Module                        Cmdlet    Microsoft.PowerShell.Core Gets the modules that have been imported or ...
Get-PSHostProcessInfo             Cmdlet    Microsoft.PowerShell.Core
Get-PSSession                     Cmdlet    Microsoft.PowerShell.Core Gets the Windows PowerShell sessions on loca...
Get-PSSessionCapability           Cmdlet    Microsoft.PowerShell.Core Gets the capabilities of a specific user on ...
Get-PSSessionConfiguration        Cmdlet    Microsoft.PowerShell.Core Gets the registered session configurations o...
Get-PSSnapin                      Cmdlet    Microsoft.PowerShell.Core Gets the Windows PowerShell snap-ins on the ...
Get-Alias                         Cmdlet    Microsoft.PowerShell.U... Gets the aliases for the current session.
Get-Culture                       Cmdlet    Microsoft.PowerShell.U... Gets the current culture set in the operatin...
Get-Date                          Cmdlet    Microsoft.PowerShell.U... Gets the current date and time.
Get-Event                         Cmdlet    Microsoft.PowerShell.U... Gets the events in the event queue.
Get-EventSubscriber               Cmdlet    Microsoft.PowerShell.U... Gets the event subscribers in the current se...
Get-FormatData                    Cmdlet    Microsoft.PowerShell.U... Gets the formatting data in the current sess...
Get-Host                          Cmdlet    Microsoft.PowerShell.U... Gets an object that represents the current h...
Get-Member                        Cmdlet    Microsoft.PowerShell.U... Gets the properties and methods of objects.
Get-PSBreakpoint                  Cmdlet    Microsoft.PowerShell.U... Gets the breakpoints that are set in the cur...
Get-PSCallStack                   Cmdlet    Microsoft.PowerShell.U... Displays the current call stack.
Get-Random                        Cmdlet    Microsoft.PowerShell.U... Gets a random number, or selects objects ran...
Get-Runspace                      Cmdlet    Microsoft.PowerShell.U... Gets active runspaces within a Windows Power...
Get-RunspaceDebug                 Cmdlet    Microsoft.PowerShell.U... Shows runspace debugging options.
Get-TraceSource                   Cmdlet    Microsoft.PowerShell.U... Gets Windows PowerShell components that are ...
Get-TypeData                      Cmdlet    Microsoft.PowerShell.U... Gets the extended type data in the current s...
Get-UICulture                     Cmdlet    Microsoft.PowerShell.U... Gets the current UI culture settings in the ...
Get-Unique                        Cmdlet    Microsoft.PowerShell.U... Returns unique items from a sorted list.
Get-Variable                      Cmdlet    Microsoft.PowerShell.U... Gets the variables in the current console.
Get-ChildItem                     Cmdlet    Microsoft.PowerShell.M... Gets the items and child items in one or mor...
Get-Clipboard                     Cmdlet    Microsoft.PowerShell.M... Gets the current Windows clipboard entry.
Get-ComputerInfo                  Cmdlet    Microsoft.PowerShell.M... Gets a consolidated object of system and ope...
Get-ComputerRestorePoint          Cmdlet    Microsoft.PowerShell.M... Gets the restore points on the local computer.
Get-Content                       Cmdlet    Microsoft.PowerShell.M... Gets the content of the item at the specifie...
Get-ControlPanelItem              Cmdlet    Microsoft.PowerShell.M... Gets control panel items.
Get-EventLog                      Cmdlet    Microsoft.PowerShell.M... Gets the events in an event log, or a list o...
Get-HotFix                        Cmdlet    Microsoft.PowerShell.M... Gets the hotfixes that have been applied to ...
Get-Item                          Cmdlet    Microsoft.PowerShell.M... Gets the item at the specified location.
Get-ItemProperty                  Cmdlet    Microsoft.PowerShell.M... Gets the properties of a specified item.
Get-ItemPropertyValue             Cmdlet    Microsoft.PowerShell.M... Gets the value for one or more properties of...
Get-Location                      Cmdlet    Microsoft.PowerShell.M... Gets information about the current working l...
Get-Process                       Cmdlet    Microsoft.PowerShell.M... Gets the processes that are running on the l...
Get-PSDrive                       Cmdlet    Microsoft.PowerShell.M... Gets drives in the current session.
Get-PSProvider                    Cmdlet    Microsoft.PowerShell.M... Gets information about the specified Windows...
Get-Service                       Cmdlet    Microsoft.PowerShell.M... Gets the services on a local or remote compu...
Get-TimeZone                      Cmdlet    Microsoft.PowerShell.M... Gets the current time zone or a list of avai...
Get-Transaction                   Cmdlet    Microsoft.PowerShell.M... Gets the current (active) transaction.
Get-WmiObject                     Cmdlet    Microsoft.PowerShell.M... Gets instances of WMI classes or information...
Get-OperationValidation           Function  Microsoft.PowerShell.O... ...
Get-PackageProvider               Cmdlet    PackageManagement         Get-PackageProvider...
Get-Package                       Cmdlet    PackageManagement         Get-Package...
Get-PackageSource                 Cmdlet    PackageManagement         Get-PackageSource...
Get-TestDriveItem                 Function  Pester                    ...
SafeGetCommand                    Function  Pester                    ...
Get-MockDynamicParameters         Function  Pester                    ...
Get-InstalledScript               Function  PowerShellGet             ...
Get-PSRepository                  Function  PowerShellGet             ...
Get-InstalledModule               Function  PowerShellGet             ...
Get-PSReadlineOption              Cmdlet    PSReadline                Get-PSReadlineOption...
Get-PSReadlineKeyHandler          Cmdlet    PSReadline                Get-PSReadlineKeyHandler...
Get-AppBackgroundTask             Function  AppBackgroundTask         ...
Get-AppxPackageManifest           Cmdlet    Appx                      Get-AppxPackageManifest...
Get-AppxLastError                 Function  Appx                      ...
Get-AppxDefaultVolume             Cmdlet    Appx                      Get-AppxDefaultVolume...
Get-AppxVolume                    Cmdlet    Appx                      Get-AppxVolume...
Get-AppxLog                       Function  Appx                      ...
Get-AppxPackage                   Cmdlet    Appx                      Get-AppxPackage...
Get-BitLockerVolume               Function  BitLocker                 ...
Get-BitsTransfer                  Cmdlet    BitsTransfer              Get-BitsTransfer...
Get-CimClass                      Cmdlet    CimCmdlets                Get-CimClass...
Get-CimAssociatedInstance         Cmdlet    CimCmdlets                Get-CimAssociatedInstance...
Get-CimSession                    Cmdlet    CimCmdlets                Get-CimSession...
Get-CimInstance                   Cmdlet    CimCmdlets                Get-CimInstance...
Get-MpThreatDetection             Function  Defender                  ...
Get-MpComputerStatus              Function  Defender                  ...
Get-MpThreatCatalog               Function  Defender                  ...
Get-MpPreference                  Function  Defender                  ...
Get-MpThreat                      Function  Defender                  ...
Get-DOPercentageMaxForegroundB... Cmdlet    DeliveryOptimization      Get-DOPercentageMaxForegroundBandwidth...
Get-DeliveryOptimizationPerfSn... Cmdlet    DeliveryOptimization      Get-DeliveryOptimizationPerfSnapThisMonth...
Get-DOPercentageMaxBackgroundB... Cmdlet    DeliveryOptimization      Get-DOPercentageMaxBackgroundBandwidth...
Get-DeliveryOptimizationLog       Cmdlet    DeliveryOptimization      Get-DeliveryOptimizationLog...
Get-DeliveryOptimizationPerfSnap  Cmdlet    DeliveryOptimization      Get-DeliveryOptimizationPerfSnap...
Get-DODownloadMode                Cmdlet    DeliveryOptimization      Get-DODownloadMode...
Get-DeliveryOptimizationStatus    Cmdlet    DeliveryOptimization      Get-DeliveryOptimizationStatus...
Get-DAEntryPointTableItem         Function  DirectAccessClientComp... ...
Get-DAClientExperienceConfigur... Function  DirectAccessClientComp... ...
Get-WIMBootEntry                  Cmdlet    Dism                      Get-WIMBootEntry...
Get-AppxProvisionedPackage        Cmdlet    Dism                      Get-AppxProvisionedPackage...
Get-WindowsEdition                Cmdlet    Dism                      Get-WindowsEdition...
Get-WindowsImage                  Cmdlet    Dism                      Get-WindowsImage...
Get-WindowsOptionalFeature        Cmdlet    Dism                      Get-WindowsOptionalFeature...
Get-WindowsPackage                Cmdlet    Dism                      Get-WindowsPackage...
Get-WindowsCapability             Cmdlet    Dism                      Get-WindowsCapability...
Get-WindowsImageContent           Cmdlet    Dism                      Get-WindowsImageContent...
Get-WindowsDriver                 Cmdlet    Dism                      Get-WindowsDriver...
Get-DnsClient                     Function  DnsClient                 ...
Get-DnsClientCache                Function  DnsClient                 ...
Get-DnsClientServerAddress        Function  DnsClient                 ...
Get-DnsClientNrptGlobal           Function  DnsClient                 ...
Get-DnsClientNrptPolicy           Function  DnsClient                 ...
Get-DnsClientNrptRule             Function  DnsClient                 ...
Get-DnsClientGlobalSetting        Function  DnsClient                 ...
Get-AutologgerConfig              Function  EventTracingManagement    ...
Get-EtwTraceProvider              Function  EventTracingManagement    ...
Get-EtwTraceSession               Function  EventTracingManagement    ...
Get-WinLanguageBarOption          Cmdlet    International             Get-WinLanguageBarOption...
Get-WinCultureFromLanguageList... Cmdlet    International             Get-WinCultureFromLanguageListOptOut...
Get-WinHomeLocation               Cmdlet    International             Get-WinHomeLocation...
Get-WinSystemLocale               Cmdlet    International             Get-WinSystemLocale...
Get-WinAcceptLanguageFromLangu... Cmdlet    International             Get-WinAcceptLanguageFromLanguageListOptOut...
Get-WinUILanguageOverride         Cmdlet    International             Get-WinUILanguageOverride...
Get-WinUserLanguageList           Cmdlet    International             Get-WinUserLanguageList...
Get-WinDefaultInputMethodOverride Cmdlet    International             Get-WinDefaultInputMethodOverride...
Get-IscsiConnection               Function  iSCSI                     ...
Update-IscsiTarget                Function  iSCSI                     ...
Get-IscsiSession                  Function  iSCSI                     ...
Update-IscsiTargetPortal          Function  iSCSI                     ...
New-IscsiTargetPortal             Function  iSCSI                     ...
Remove-IscsiTargetPortal          Function  iSCSI                     ...
Disconnect-IscsiTarget            Function  iSCSI                     ...
Get-IscsiTarget                   Function  iSCSI                     ...
Get-IscsiTargetPortal             Function  iSCSI                     ...
Connect-IscsiTarget               Function  iSCSI                     ...
Get-KdsConfiguration              Cmdlet    Kds                       Get-KdsConfiguration...
Get-KdsRootKey                    Cmdlet    Kds                       Get-KdsRootKey...
Get-WinEvent                      Cmdlet    Microsoft.PowerShell.D... Get-WinEvent...
Get-Counter                       Cmdlet    Microsoft.PowerShell.D... Get-Counter...
Get-LocalGroupMember              Cmdlet    Microsoft.PowerShell.L... Get-LocalGroupMember...
Get-LocalGroup                    Cmdlet    Microsoft.PowerShell.L... Get-LocalGroup...
Get-LocalUser                     Cmdlet    Microsoft.PowerShell.L... Get-LocalUser...
Get-Credential                    Cmdlet    Microsoft.PowerShell.S... Get-Credential...
Get-Acl                           Cmdlet    Microsoft.PowerShell.S... Get-Acl...
Get-CmsMessage                    Cmdlet    Microsoft.PowerShell.S... Get-CmsMessage...
Get-PfxCertificate                Cmdlet    Microsoft.PowerShell.S... Get-PfxCertificate...
Get-AuthenticodeSignature         Cmdlet    Microsoft.PowerShell.S... Get-AuthenticodeSignature...
Get-ExecutionPolicy               Cmdlet    Microsoft.PowerShell.S... Get-ExecutionPolicy...
Get-WSManInstance                 Cmdlet    Microsoft.WSMan.Manage... Get-WSManInstance...
Get-WSManCredSSP                  Cmdlet    Microsoft.WSMan.Manage... Get-WSManCredSSP...
Get-MMAgent                       Function  MMAgent                   ...
Get-DtcTransaction                Function  MsDtc                     ...
Get-DtcLog                        Function  MsDtc                     ...
Get-DtcNetworkSetting             Function  MsDtc                     ...
Get-DtcDefault                    Function  MsDtc                     ...
Get-DtcTransactionsTraceSession   Function  MsDtc                     ...
Get-DtcTransactionsStatistics     Function  MsDtc                     ...
Get-DtcAdvancedSetting            Function  MsDtc                     ...
Get-DtcClusterDefault             Function  MsDtc                     ...
Get-Dtc                           Function  MsDtc                     ...
Get-DtcAdvancedHostSetting        Function  MsDtc                     ...
Get-DtcClusterTMMapping           Function  MsDtc                     ...
Get-DtcTransactionsTraceSetting   Function  MsDtc                     ...
Get-NetAdapterQos                 Function  NetAdapter                ...
Get-NetAdapterSriovVf             Function  NetAdapter                ...
Get-NetAdapterPowerManagement     Function  NetAdapter                ...
Get-NetAdapterVmq                 Function  NetAdapter                ...
Get-NetAdapter                    Function  NetAdapter                ...
Get-NetAdapterBinding             Function  NetAdapter                ...
Get-NetAdapterRss                 Function  NetAdapter                ...
Get-NetAdapterRdma                Function  NetAdapter                ...
Get-NetAdapterEncapsulatedPack... Function  NetAdapter                ...
Get-NetAdapterStatistics          Function  NetAdapter                ...
Get-NetAdapterRsc                 Function  NetAdapter                ...
Get-NetAdapterChecksumOffload     Function  NetAdapter                ...
Get-NetAdapterSriov               Function  NetAdapter                ...
Get-NetAdapterHardwareInfo        Function  NetAdapter                ...
Get-NetAdapterAdvancedProperty    Function  NetAdapter                ...
Get-NetAdapterLso                 Function  NetAdapter                ...
Get-NetAdapterIPsecOffload        Function  NetAdapter                ...
Get-NetAdapterVPort               Function  NetAdapter                ...
Get-NetAdapterVMQQueue            Function  NetAdapter                ...
Get-NetAdapterPacketDirect        Function  NetAdapter                ...
Get-NetConnectionProfile          Function  NetConnection             ...
Get-NetEventSession               Function  NetEventPacketCapture     ...
Get-NetEventVmSwitch              Function  NetEventPacketCapture     ...
Get-NetEventVFPProvider           Function  NetEventPacketCapture     ...
Get-NetEventProvider              Function  NetEventPacketCapture     ...
Get-NetEventWFPCaptureProvider    Function  NetEventPacketCapture     ...
Get-NetEventVmNetworkAdapter      Function  NetEventPacketCapture     ...
Get-NetEventVmSwitchProvider      Function  NetEventPacketCapture     ...
Get-NetEventPacketCaptureProvider Function  NetEventPacketCapture     ...
Get-NetEventNetworkAdapter        Function  NetEventPacketCapture     ...
Get-NetLbfoTeam                   Function  NetLbfo                   ...
Get-NetLbfoTeamNic                Function  NetLbfo                   ...
Get-NetLbfoTeamMember             Function  NetLbfo                   ...
Get-NetNat                        Function  NetNat                    ...
Get-NetNatExternalAddress         Function  NetNat                    ...
Get-NetNatStaticMapping           Function  NetNat                    ...
Get-NetNatSession                 Function  NetNat                    ...
Get-NetNatGlobal                  Function  NetNat                    ...
Get-NetQosPolicy                  Function  NetQos                    ...
Get-NetIPsecQuickModeSA           Function  NetSecurity               ...
Get-NetFirewallSetting            Function  NetSecurity               ...
Get-NetFirewallServiceFilter      Function  NetSecurity               ...
Get-NetIPsecMainModeCryptoSet     Function  NetSecurity               ...
Get-NetFirewallRule               Function  NetSecurity               ...
Get-NetFirewallProfile            Function  NetSecurity               ...
Get-NetIPsecDospSetting           Function  NetSecurity               ...
Get-NetFirewallInterfaceTypeFi... Function  NetSecurity               ...
Get-NetFirewallApplicationFilter  Function  NetSecurity               ...
Get-NetFirewallPortFilter         Function  NetSecurity               ...
Get-NetFirewallInterfaceFilter    Function  NetSecurity               ...
Get-NetIPsecPhase1AuthSet         Function  NetSecurity               ...
Get-NetIPsecPhase2AuthSet         Function  NetSecurity               ...
Get-NetIPsecMainModeRule          Function  NetSecurity               ...
Get-NetFirewallAddressFilter      Function  NetSecurity               ...
Get-NetFirewallSecurityFilter     Function  NetSecurity               ...
Get-NetIPsecRule                  Function  NetSecurity               ...
Get-NetIPsecMainModeSA            Function  NetSecurity               ...
Get-NetIPsecQuickModeCryptoSet    Function  NetSecurity               ...
Get-DAPolicyChange                Cmdlet    NetSecurity               Get-DAPolicyChange...
Get-NetSwitchTeamMember           Function  NetSwitchTeam             ...
Get-NetSwitchTeam                 Function  NetSwitchTeam             ...
Get-NetOffloadGlobalSetting       Function  NetTCPIP                  ...
Get-NetNeighbor                   Function  NetTCPIP                  ...
Get-NetRoute                      Function  NetTCPIP                  ...
Get-NetTransportFilter            Function  NetTCPIP                  ...
Get-NetIPv6Protocol               Function  NetTCPIP                  ...
Get-NetIPConfiguration            Function  NetTCPIP                  ...
Get-NetUDPEndpoint                Function  NetTCPIP                  ...
Get-NetTCPSetting                 Function  NetTCPIP                  ...
Get-NetTCPConnection              Function  NetTCPIP                  ...
Get-NetIPInterface                Function  NetTCPIP                  ...
Get-NetPrefixPolicy               Function  NetTCPIP                  ...
Get-NetIPAddress                  Function  NetTCPIP                  ...
Get-NetUDPSetting                 Function  NetTCPIP                  ...
Get-NetIPv4Protocol               Function  NetTCPIP                  ...
Get-NetCompartment                Function  NetTCPIP                  ...
Get-DAConnectionStatus            Function  NetworkConnectivityStatus ...
Get-NCSIPolicyConfiguration       Function  NetworkConnectivityStatus ...
Get-NetworkSwitchFeature          Function  NetworkSwitchManager      ...
Get-NetworkSwitchGlobalData       Function  NetworkSwitchManager      ...
Get-NetworkSwitchEthernetPort     Function  NetworkSwitchManager      ...
Get-NetworkSwitchVlan             Function  NetworkSwitchManager      ...
Get-NetIPHttpsConfiguration       Function  NetworkTransition         ...
Get-NetDnsTransitionConfiguration Function  NetworkTransition         ...
Get-NetTeredoConfiguration        Function  NetworkTransition         ...
Get-NetNatTransitionMonitoring    Function  NetworkTransition         ...
Get-NetIsatapConfiguration        Function  NetworkTransition         ...
Get-NetDnsTransitionMonitoring    Function  NetworkTransition         ...
Get-NetNatTransitionConfiguration Function  NetworkTransition         ...
Get-Net6to4Configuration          Function  NetworkTransition         ...
Get-NetIPHttpsState               Function  NetworkTransition         ...
Get-NetTeredoState                Function  NetworkTransition         ...
Get-PcsvDevice                    Function  PcsvDevice                ...
Get-PcsvDeviceLog                 Function  PcsvDevice                ...
Get-PmemUnusedRegion              Cmdlet    PersistentMemory          Get-PmemUnusedRegion...
Get-PmemDisk                      Cmdlet    PersistentMemory          Get-PmemDisk...
Get-PmemPhysicalDevice            Cmdlet    PersistentMemory          Get-PmemPhysicalDevice...
Get-CertificateNotificationTask   Cmdlet    PKI                       Get-CertificateNotificationTask...
Get-PfxData                       Cmdlet    PKI                       Get-PfxData...
Get-CertificateEnrollmentPolic... Cmdlet    PKI                       Get-CertificateEnrollmentPolicyServer...
Get-Certificate                   Cmdlet    PKI                       Get-Certificate...
Get-CertificateAutoEnrollmentP... Cmdlet    PKI                       Get-CertificateAutoEnrollmentPolicy...
Get-PnpDevice                     Function  PnpDevice                 ...
Get-PnpDeviceProperty             Function  PnpDevice                 ...
Get-PrinterPort                   Function  PrintManagement           ...
Get-PrinterProperty               Function  PrintManagement           ...
Get-PrinterDriver                 Function  PrintManagement           ...
Get-PrintConfiguration            Function  PrintManagement           ...
Get-PrintJob                      Function  PrintManagement           ...
Get-Printer                       Function  PrintManagement           ...
Get-ProcessMitigation             Cmdlet    ProcessMitigations        Get-ProcessMitigation...
Get-TrustedProvisioningCertifi... Cmdlet    Provisioning              Get-TrustedProvisioningCertificate...
Get-ProvisioningPackage           Cmdlet    Provisioning              Get-ProvisioningPackage...
Get-DscConfigurationStatus        Function  PSDesiredStateConfigur... ...
Get-DscLocalConfigurationManager  Function  PSDesiredStateConfigur... ...
Get-DscConfiguration              Function  PSDesiredStateConfigur... ...
Get-DscResource                   Function  PSDesiredStateConfigur... Gets the DSC resources present on the computer.
Get-LogProperties                 Function  PSDiagnostics             ...
Get-JobTrigger                    Cmdlet    PSScheduledJob            Get-JobTrigger...
Get-ScheduledJobOption            Cmdlet    PSScheduledJob            Get-ScheduledJobOption...
Get-ScheduledJob                  Cmdlet    PSScheduledJob            Get-ScheduledJob...
Get-ScheduledTaskInfo             Function  ScheduledTasks            ...
Get-ScheduledTask                 Function  ScheduledTasks            ...
Get-ClusteredScheduledTask        Function  ScheduledTasks            ...
Get-SecureBootUEFI                Cmdlet    SecureBoot                Get-SecureBootUEFI...
Get-SecureBootPolicy              Cmdlet    SecureBoot                Get-SecureBootPolicy...
Get-SmbClientNetworkInterface     Function  SmbShare                  ...
Get-SmbOpenFile                   Function  SmbShare                  ...
Get-SmbBandWidthLimit             Function  SmbShare                  ...
Get-SmbMultichannelConnection     Function  SmbShare                  ...
Get-SmbServerConfiguration        Function  SmbShare                  ...
Get-SmbServerNetworkInterface     Function  SmbShare                  ...
Get-SmbShareAccess                Function  SmbShare                  ...
Get-SmbDelegation                 Function  SmbShare                  ...
Get-SmbConnection                 Function  SmbShare                  ...
Get-SmbMapping                    Function  SmbShare                  ...
Get-SmbSession                    Function  SmbShare                  ...
Get-SmbClientConfiguration        Function  SmbShare                  ...
Get-SmbShare                      Function  SmbShare                  ...
Get-SmbGlobalMapping              Function  SmbShare                  ...
Get-SmbMultichannelConstraint     Function  SmbShare                  ...
Get-SmbWitnessClient              Function  SmbWitness                ...
Get-StartApps                     Function  StartLayout               ...
Get-PhysicalDisk                  Function  Storage                   ...
Get-StorageAdvancedProperty       Function  Storage                   ...
Get-StorageFileServer             Function  Storage                   ...
Get-ResiliencySetting             Function  Storage                   ...
Get-MaskingSet                    Function  Storage                   ...
Get-PhysicalDiskStorageNodeView   Function  Storage                   ...
Get-VirtualDiskSupportedSize      Function  Storage                   ...
Get-TargetPort                    Function  Storage                   ...
Get-StorageSetting                Function  Storage                   ...
Get-StorageHealthSetting          Function  Storage                   ...
Get-PhysicalExtent                Function  Storage                   ...
Get-StorageSubSystem              Function  Storage                   ...
Get-InitiatorId                   Function  Storage                   ...
Resize-StorageTier                Function  Storage                   ...
Get-StorageTier                   Function  Storage                   ...
Get-StorageFaultDomain            Function  Storage                   ...
Get-StorageDiagnosticInfo         Function  Storage                   ...
Get-FileShare                     Function  Storage                   ...
Clear-FileStorageTier             Function  Storage                   ...
Get-StorageEnclosureStorageNod... Function  Storage                   ...
Get-Partition                     Function  Storage                   ...
Get-VolumeScrubPolicy             Function  Storage                   ...
Get-DedupProperties               Function  Storage                   ...
Get-DiskImage                     Function  Storage                   ...
Get-PartitionSupportedSize        Function  Storage                   ...
Get-StorageNode                   Function  Storage                   ...
Get-PhysicalExtentAssociation     Function  Storage                   ...
Get-StorageExtendedStatus         Function  Storage                   ...
Get-FileStorageTier               Function  Storage                   ...
Get-DiskStorageNodeView           Function  Storage                   ...
Get-StorageFirmwareInformation    Function  Storage                   ...
Get-FileIntegrity                 Function  Storage                   ...
Get-TargetPortal                  Function  Storage                   ...
Remove-StorageTier                Function  Storage                   ...
New-StorageTier                   Function  Storage                   ...
Get-FileShareAccessControlEntry   Function  Storage                   ...
Get-StorageEnclosure              Function  Storage                   ...
Get-StorageJob                    Function  Storage                   ...
Get-StorageHealthAction           Function  Storage                   ...
Get-Disk                          Function  Storage                   ...
Get-Volume                        Function  Storage                   ...
Get-OffloadDataTransferSetting    Function  Storage                   ...
Get-InitiatorPort                 Function  Storage                   ...
Get-StorageProvider               Function  Storage                   ...
Get-StorageReliabilityCounter     Function  Storage                   ...
Remove-TargetPortFromMaskingSet   Function  Storage                   ...
Get-SupportedFileSystems          Function  Storage                   ...
Get-VolumeCorruptionCount         Function  Storage                   ...
Set-FileStorageTier               Function  Storage                   ...
Set-StorageTier                   Function  Storage                   ...
Add-TargetPortToMaskingSet        Function  Storage                   ...
Get-StoragePool                   Function  Storage                   ...
Get-VirtualDisk                   Function  Storage                   ...
Get-StorageTierSupportedSize      Function  Storage                   ...
Get-SupportedClusterSizes         Function  Storage                   ...
Get-StorageHealthReport           Function  Storage                   ...
Get-StorageEnclosureVendorData    Function  Storage                   ...
Get-TlsCipherSuite                Cmdlet    TLS                       Get-TlsCipherSuite...
Get-TlsEccCurve                   Cmdlet    TLS                       Get-TlsEccCurve...
Get-TroubleshootingPack           Cmdlet    TroubleshootingPack       Get-TroubleshootingPack...
Get-TpmEndorsementKeyInfo         Cmdlet    TrustedPlatformModule     Get-TpmEndorsementKeyInfo...
Get-TpmSupportedFeature           Cmdlet    TrustedPlatformModule     Get-TpmSupportedFeature...
Get-Tpm                           Cmdlet    TrustedPlatformModule     Get-Tpm...
Get-VpnConnection                 Function  VpnClient                 ...
Get-VpnConnectionTrigger          Function  VpnClient                 ...
Get-OdbcDsn                       Function  Wdac                      ...
Get-WdacBidTrace                  Function  Wdac                      ...
Get-OdbcPerfCounter               Function  Wdac                      ...
Get-OdbcDriver                    Function  Wdac                      ...
Get-WindowsDeveloperLicense       Cmdlet    WindowsDeveloperLicense   Get-WindowsDeveloperLicense...
Get-WindowsErrorReporting         Cmdlet    WindowsErrorReporting     Get-WindowsErrorReporting...
Get-WindowsSearchSetting          Cmdlet    WindowsSearch             Get-WindowsSearchSetting...
Get-WindowsUpdateLog              Function  WindowsUpdate             ...
Get-WUIsPendingReboot             Function  WindowsUpdateProvider     ...
Get-WULastScanSuccessDate         Function  WindowsUpdateProvider     ...
Get-WUAVersion                    Function  WindowsUpdateProvider     ...
Get-WULastInstallationDate        Function  WindowsUpdateProvider     ...


PS C:\Users\jeffe\OneDrive\Escritorio> Get-HotFix | Sort-Object -Property InstalledOn | Format-Table -Property InstalledOn,installedby , hotfixid

InstalledOn               installedby           hotfixid
-----------               -----------           --------
10/07/2018 12:00:00 a. m. NT AUTHORITY\SYSTEM   KB4343669
12/09/2018 12:00:00 a. m. NT AUTHORITY\SYSTEM   KB4456655
14/11/2018 12:00:00 a. m. NT AUTHORITY\SYSTEM   KB4465663
14/12/2018 12:00:00 a. m. NT AUTHORITY\SYSTEM   KB4477137
13/02/2019 12:00:00 a. m. NT AUTHORITY\SYSTEM   KB4485449
20/04/2019 12:00:00 a. m. NT AUTHORITY\SYSTEM   KB4346084
16/05/2019 12:00:00 a. m. NT AUTHORITY\SYSTEM   KB4497398
14/07/2019 12:00:00 a. m. NT AUTHORITY\SYSTEM   KB4509094
30/08/2019 12:00:00 a. m. DESKTOP-SOUHA69\jeffe KB4486153
11/09/2019 12:00:00 a. m. NT AUTHORITY\SYSTEM   KB4512576
11/09/2019 12:00:00 a. m. NT AUTHORITY\SYSTEM   KB4516115
17/09/2019 12:00:00 a. m. NT AUTHORITY\SYSTEM   KB4486161
10/10/2019 12:00:00 a. m. NT AUTHORITY\SYSTEM   KB4521861
13/11/2019 12:00:00 a. m. NT AUTHORITY\SYSTEM   KB4523203
12/02/2020 12:00:00 a. m. NT AUTHORITY\SYSTEM   KB4537759
12/02/2020 12:00:00 a. m. NT AUTHORITY\SYSTEM   KB4524244
13/02/2020 12:00:00 a. m. NT AUTHORITY\SYSTEM   KB4534130
13/02/2020 12:00:00 a. m. NT AUTHORITY\SYSTEM   KB4537762


PS C:\Users\jeffe\OneDrive\Escritorio> Get-HotFix | Export-Clixml |Sort-Object -Property description | Format-Table -Property description,hotfixid , installedon
>> ErrorTerminación(Export-Clixml): "No se puede encontrar una parte de la ruta de acceso 'C:\Users\jeffe\OneDrive\Escritorio\'."
Export-Clixml : No se puede encontrar una parte de la ruta de acceso 'C:\Users\jeffe\OneDrive\Escritorio\'.
En línea: 1 Carácter: 14
+ Get-HotFix | Export-Clixml |Sort-Object -Property description | Forma ...
+              ~~~~~~~~~~~~~
    + CategoryInfo          : OpenError: (:) [Export-Clixml], DirectoryNotFoundException
    + FullyQualifiedErrorId : FileOpenFailure,Microsoft.PowerShell.Commands.ExportClixmlCommand
Export-Clixml : No se puede encontrar una parte de la ruta de acceso 'C:\Users\jeffe\OneDrive\Escritorio\'.
En línea: 1 Carácter: 14
+ Get-HotFix | Export-Clixml |Sort-Object -Property description | Forma ...
+              ~~~~~~~~~~~~~
    + CategoryInfo          : OpenError: (:) [Export-Clixml], DirectoryNotFoundException
    + FullyQualifiedErrorId : FileOpenFailure,Microsoft.PowerShell.Commands.ExportClixmlCommand

PS C:\Users\jeffe\OneDrive\Escritorio> Get-HotFix | Export-Clixml |Sort-Object -Property description | Format-Table -Property description,hotfixid , installedon
>> ErrorTerminación(Export-Clixml): "No se encuentra la unidad. No existe ninguna unidad con el nombre ' C'."
Export-Clixml : No se encuentra la unidad. No existe ninguna unidad con el nombre ' C'.
En línea: 1 Carácter: 14
+ Get-HotFix | Export-Clixml |Sort-Object -Property description | Forma ...
+              ~~~~~~~~~~~~~
    + CategoryInfo          : ObjectNotFound: ( C:String) [Export-Clixml], DriveNotFoundException
    + FullyQualifiedErrorId : DriveNotFound,Microsoft.PowerShell.Commands.ExportClixmlCommand
Export-Clixml : No se encuentra la unidad. No existe ninguna unidad con el nombre ' C'.
En línea: 1 Carácter: 14
+ Get-HotFix | Export-Clixml |Sort-Object -Property description | Forma ...
+              ~~~~~~~~~~~~~
    + CategoryInfo          : ObjectNotFound: ( C:String) [Export-Clixml], DriveNotFoundException
    + FullyQualifiedErrorId : DriveNotFound,Microsoft.PowerShell.Commands.ExportClixmlCommand

PS C:\Users\jeffe\OneDrive\Escritorio> Get-HotFix | Export-Clixml |Sort-Object -Property description | Format-Table -Property description,hotfixid , installedon
>> ErrorTerminación(Export-Clixml): "No se encuentra la unidad. No existe ninguna unidad con el nombre '" C'."
Export-Clixml : No se encuentra la unidad. No existe ninguna unidad con el nombre '" C'.
En línea: 1 Carácter: 14
+ Get-HotFix | Export-Clixml |Sort-Object -Property description | Forma ...
+              ~~~~~~~~~~~~~
    + CategoryInfo          : ObjectNotFound: (" C:String) [Export-Clixml], DriveNotFoundException
    + FullyQualifiedErrorId : DriveNotFound,Microsoft.PowerShell.Commands.ExportClixmlCommand
Export-Clixml : No se encuentra la unidad. No existe ninguna unidad con el nombre '" C'.
En línea: 1 Carácter: 14
+ Get-HotFix | Export-Clixml |Sort-Object -Property description | Forma ...
+              ~~~~~~~~~~~~~
    + CategoryInfo          : ObjectNotFound: (" C:String) [Export-Clixml], DriveNotFoundException
    + FullyQualifiedErrorId : DriveNotFound,Microsoft.PowerShell.Commands.ExportClixmlCommand

PS C:\Users\jeffe\OneDrive\Escritorio>  Get-EventLog -LogName System -newest 50 | Sort-Object -Property TimeGenerated | Sort-Object -Property id -Descending | Select-Object -Property index,TimeGenerated,source | Out-File -filepath .\logs.txt
PS C:\Users\jeffe\OneDrive\Escritorio> Stop-Transcript
**********************
Fin de la transcripción de Windows PowerShell
Hora de finalización: 20200229115931
**********************
