**********************
Inicio de la transcripción de Windows PowerShell
Hora de inicio: 20200130131557
Nombre de usuario: DESKTOP-IAMOSKO\juand
Usuario RunAs: DESKTOP-IAMOSKO\juand
Nombre de la configuración: 
Máquina: DESKTOP-IAMOSKO (Microsoft Windows NT 10.0.18362.0)
Aplicación host: C:\WINDOWS\system32\WindowsPowerShell\v1.0\PowerShell_ISE.exe
Id. de proceso: 3860
PSVersion: 5.1.18362.145
PSEdition: Desktop
PSCompatibleVersions: 1.0, 2.0, 3.0, 4.0, 5.0, 5.1.18362.145
BuildVersion: 10.0.18362.145
CLRVersion: 4.0.30319.42000
WSManStackVersion: 3.0
PSRemotingProtocolVersion: 2.3
SerializationVersion: 1.1.0.1
**********************
La transcripción ha comenzado. El archivo de salida es C:\Users\juand\Documents\PowerShell_transcript.DESKTOP-IAMOSKO.wfrO2S1A.20200130131557.txt
PS C:\WINDOWS\system32> help *html*

NOMBRE
    ConvertTo-Html

SINOPSIS
    Converts Microsoft .NET Framework objects into HTML that can be displayed in a Web browser.


SINTAXIS
    ConvertTo-Html [[-Property] <Object[]>] [[-Head] <String[]>] [[-Title] <String>] [[-Body] <String[]>] [-As
    {Table | List}] [-CssUri <Uri>] [-InputObject <PSObject>] [-PostContent <String[]>] [-PreContent <String[]>]
    [<CommonParameters>]

    ConvertTo-Html [[-Property] <Object[]>] [-As {Table | List}] [-Fragment] [-InputObject <PSObject>] [-PostContent
    <String[]>] [-PreContent <String[]>] [<CommonParameters>]


DESCRIPCIÓN
    The ConvertTo-Html cmdlet converts .NET Framework objects into HTML that can be displayed in a Web browser. You
    can use this cmdlet to display the output of a command in a Web page.

    You can use the parameters of ConvertTo-Html to select object properties, to specify a table or list format, to
    specify the HTML page title, to add text before and after the object, and to return only the table or list
    fragment, instead of a strict DTD page.

    When you submit multiple objects to ConvertTo-Html , Windows PowerShell creates the table (or list) based on the
    properties of the first object that you submit. If the remaining objects do not have one of the specified
    properties, the property value of that object is an empty cell. If the remaining objects have additional
    properties, those property values are not included in the file.


VÍNCULOS RELACIONADOS
    Online Version: http://go.microsoft.com/fwlink/?LinkId=821758
    ConvertTo-Csv
    ConvertTo-Json
    ConvertTo-Xml
    Export-Clixml
    Import-Clixml

NOTAS
    Para ver los ejemplos, escriba: "get-help ConvertTo-Html -examples".
    Para obtener más información, escriba: "get-help ConvertTo-Html -detailed".
    Para obtener información técnica, escriba: "get-help ConvertTo-Html -full".
    Para obtener ayuda disponible en línea, escriba: "get-help ConvertTo-Html -online"


PS C:\WINDOWS\system32> ConvertTo-Html
<!DOCTYPE html PUBLIC "-//W3C//DTD XHTML 1.0 Strict//EN"  "http://www.w3.org/TR/xhtml1/DTD/xhtml1-strict.dtd">
<html xmlns="http://www.w3.org/1999/xhtml">
<head>
<title>HTML TABLE</title>
</head><body>
<table>
</table>
</body></html>
PS C:\WINDOWS\system32> help *pritn*
PS C:\WINDOWS\system32> help *print*

Name                              Category  Module                    Synopsis
----                              --------  ------                    --------
Out-Printer                       Cmdlet    Microsoft.PowerShell.U... Sends output to a printer.
Resume-PrintJob                   Function  PrintManagement           ...
Suspend-PrintJob                  Function  PrintManagement           ...
Set-Printer                       Function  PrintManagement           ...
Write-PrinterNfcTag               Function  PrintManagement           ...
Set-PrintConfiguration            Function  PrintManagement           ...
Get-PrinterPort                   Function  PrintManagement           ...
Get-PrinterProperty               Function  PrintManagement           ...
Set-PrinterProperty               Function  PrintManagement           ...
Add-PrinterDriver                 Function  PrintManagement           ...
Get-PrinterDriver                 Function  PrintManagement           ...
Add-PrinterPort                   Function  PrintManagement           ...
Restart-PrintJob                  Function  PrintManagement           ...
Remove-PrinterPort                Function  PrintManagement           ...
Read-PrinterNfcTag                Function  PrintManagement           ...
Get-PrintConfiguration            Function  PrintManagement           ...
Remove-Printer                    Function  PrintManagement           ...
Get-PrintJob                      Function  PrintManagement           ...
Remove-PrinterDriver              Function  PrintManagement           ...
Get-Printer                       Function  PrintManagement           ...
Rename-Printer                    Function  PrintManagement           ...
Add-Printer                       Function  PrintManagement           ...
Remove-PrintJob                   Function  PrintManagement           ...


PS C:\WINDOWS\system32> Out-Printer
PS C:\WINDOWS\system32> help *Process*

Name                              Category  Module                    Synopsis
----                              --------  ------                    --------
Enter-PSHostProcess               Cmdlet    Microsoft.PowerShell.Core Connects to and enters into an interactive session with a lo...
Exit-PSHostProcess                Cmdlet    Microsoft.PowerShell.Core Closes an interactive session with a local process.
Get-PSHostProcessInfo             Cmdlet    Microsoft.PowerShell.Core
Debug-Process                     Cmdlet    Microsoft.PowerShell.M... Debugs one or more processes running on the local computer.
Get-Process                       Cmdlet    Microsoft.PowerShell.M... Gets the processes that are running on the local computer or...
Start-Process                     Cmdlet    Microsoft.PowerShell.M... Starts one or more processes on the local computer.
Stop-Process                      Cmdlet    Microsoft.PowerShell.M... Stops one or more running processes.
Wait-Process                      Cmdlet    Microsoft.PowerShell.M... Waits for the processes to be stopped before accepting more ...
Get-AppvVirtualProcess            Function  AppvClient                ...
Start-AppvVirtualProcess          Function  AppvClient                ...
ConvertTo-ProcessMitigationPolicy Cmdlet    ProcessMitigations        ConvertTo-ProcessMitigationPolicy...
Get-ProcessMitigation             Cmdlet    ProcessMitigations        Get-ProcessMitigation...
Set-ProcessMitigation             Cmdlet    ProcessMitigations        Set-ProcessMitigation...
Invoke-ProcessCube                Cmdlet    SQLASCMDLETS              Invoke-ProcessCube...
Invoke-ProcessDimension           Cmdlet    SQLASCMDLETS              Invoke-ProcessDimension...
Invoke-ProcessPartition           Cmdlet    SQLASCMDLETS              Invoke-ProcessPartition...


PS C:\WINDOWS\system32> help *log*

Name                              Category  Module                    Synopsis
----                              --------  ------                    --------
Clear-EventLog                    Cmdlet    Microsoft.PowerShell.M... Clears all entries from specified event logs on the local or...
Get-EventLog                      Cmdlet    Microsoft.PowerShell.M... Gets the events in an event log, or a list of the event logs...
Limit-EventLog                    Cmdlet    Microsoft.PowerShell.M... Sets the event log properties that limit the size of the eve...
New-EventLog                      Cmdlet    Microsoft.PowerShell.M... Creates a new event log and a new event source on a local or...
Remove-EventLog                   Cmdlet    Microsoft.PowerShell.M... Deletes an event log or unregisters an event source.
Show-EventLog                     Cmdlet    Microsoft.PowerShell.M... Displays the event logs of the local or a remote computer in...
Write-EventLog                    Cmdlet    Microsoft.PowerShell.M... Writes an event to an event log.
Enable-AppBackgroundTaskDiagno... Cmdlet    AppBackgroundTask         Enable-AppBackgroundTaskDiagnosticLog...
Disable-AppBackgroundTaskDiagn... Cmdlet    AppBackgroundTask         Disable-AppBackgroundTaskDiagnosticLog...
Get-AppxLog                       Function  Appx                      ...
Import-BinaryMiLog                Cmdlet    CimCmdlets                Import-BinaryMiLog...
Export-BinaryMiLog                Cmdlet    CimCmdlets                Export-BinaryMiLog...
Get-MpThreatCatalog               Function  ConfigDefender            ...
Get-DeliveryOptimizationLog       Cmdlet    DeliveryOptimization      Get-DeliveryOptimizationLog...
Start-AutologgerConfig            Function  EventTracingManagement    ...
Remove-AutologgerConfig           Function  EventTracingManagement    ...
Get-AutologgerConfig              Function  EventTracingManagement    ...
Update-AutologgerConfig           Function  EventTracingManagement    ...
New-AutologgerConfig              Function  EventTracingManagement    ...
Test-FileCatalog                  Cmdlet    Microsoft.PowerShell.S... Test-FileCatalog...
New-FileCatalog                   Cmdlet    Microsoft.PowerShell.S... New-FileCatalog...
Set-DtcLog                        Function  MsDtc                     ...
Get-DtcLog                        Function  MsDtc                     ...
Reset-DtcLog                      Function  MsDtc                     ...
Get-PcsvDeviceLog                 Function  PcsvDevice                ...
Clear-PcsvDeviceLog               Function  PcsvDevice                ...
Get-LogProperties                 Function  PSDiagnostics             ...
Set-LogProperties                 Function  PSDiagnostics             ...
Start-StorageDiagnosticLog        Function  Storage                   ...
Stop-StorageDiagnosticLog         Function  Storage                   ...
Get-WindowsUpdateLog              Function  WindowsUpdate             ...
about_Eventlogs                   HelpFile                            Windows PowerShell creates a Windows event log that is
about_Logical_Operators           HelpFile                            Describes the operators that connect statements in Windows P...


PS C:\WINDOWS\system32> help *alias*

Name                              Category  Module                    Synopsis
----                              --------  ------                    --------
Export-Alias                      Cmdlet    Microsoft.PowerShell.U... Exports information about currently defined aliases to a file.
Get-Alias                         Cmdlet    Microsoft.PowerShell.U... Gets the aliases for the current session.
Import-Alias                      Cmdlet    Microsoft.PowerShell.U... Imports an alias list from a file.
New-Alias                         Cmdlet    Microsoft.PowerShell.U... Creates a new alias.
Set-Alias                         Cmdlet    Microsoft.PowerShell.U... Creates or changes an alias for a cmdlet or other command el...
Alias                             Provider  Microsoft.PowerShell.Core Provides access to the Windows PowerShell aliases and the va...
about_Aliases                     HelpFile                            Describes how to use alternate names for cmdlets and command...


PS C:\WINDOWS\system32> help *transcript*

Name                              Category  Module                    Synopsis
----                              --------  ------                    --------
Start-Transcript                  Cmdlet    Microsoft.PowerShell.Host Creates a record of all or part of a Windows PowerShell sess...
Stop-Transcript                   Cmdlet    Microsoft.PowerShell.Host Stops a transcript.


PS C:\WINDOWS\system32> Get -EventLog -LogName Security -Newest 100
Get : El término 'Get' no se reconoce como nombre de un cmdlet, función, archivo de script o programa ejecutable. 
Compruebe si escribió correctamente el nombre o, si incluyó una ruta de acceso, compruebe que dicha ruta es correcta e 
inténtelo de nuevo.
En línea: 1 Carácter: 1
+ Get -EventLog -LogName Security -Newest 100
+ ~~~
    + CategoryInfo          : ObjectNotFound: (Get:String) [], CommandNotFoundException
    + FullyQualifiedErrorId : CommandNotFoundException
Get : El término 'Get' no se reconoce como nombre de un cmdlet, función, archivo de script o programa ejecutable. Compruebe si
escribió correctamente el nombre o, si incluyó una ruta de acceso, compruebe que dicha ruta es correcta e inténtelo de nuevo.
En línea: 1 Carácter: 1
+ Get -EventLog -LogName Security -Newest 100
+ ~~~
    + CategoryInfo          : ObjectNotFound: (Get:String) [], CommandNotFoundException
    + FullyQualifiedErrorId : CommandNotFoundException

PS C:\WINDOWS\system32> ErrorTerminación(): "Se ha detenido la canalización."
>> Get-EventLog -LogName SECURITY -Newest 100

   Index Time          EntryType   Source                 InstanceID Message
   ----- ----          ---------   ------                 ---------- -------
  213974 ene. 30 13:48 SuccessA... Microsoft-Windows...         5379 Las credenciales del Administrador de credenciales se leyeron...
  213973 ene. 30 13:48 SuccessA... Microsoft-Windows...         5379 Las credenciales del Administrador de credenciales se leyeron...
  213972 ene. 30 13:48 SuccessA... Microsoft-Windows...         5379 Las credenciales del Administrador de credenciales se leyeron...
  213971 ene. 30 13:48 SuccessA... Microsoft-Windows...         5379 Las credenciales del Administrador de credenciales se leyeron...
  213970 ene. 30 13:48 SuccessA... Microsoft-Windows...         5379 Las credenciales del Administrador de credenciales se leyeron...
  213969 ene. 30 13:48 SuccessA... Microsoft-Windows...         5379 Las credenciales del Administrador de credenciales se leyeron...
  213968 ene. 30 13:48 SuccessA... Microsoft-Windows...         5379 Las credenciales del Administrador de credenciales se leyeron...
  213967 ene. 30 13:48 SuccessA... Microsoft-Windows...         5379 Las credenciales del Administrador de credenciales se leyeron...
  213966 ene. 30 13:48 SuccessA... Microsoft-Windows...         5379 Las credenciales del Administrador de credenciales se leyeron...
  213965 ene. 30 13:48 SuccessA... Microsoft-Windows...         5379 Las credenciales del Administrador de credenciales se leyeron...
  213964 ene. 30 13:48 SuccessA... Microsoft-Windows...         5379 Las credenciales del Administrador de credenciales se leyeron...
  213963 ene. 30 13:48 SuccessA... Microsoft-Windows...         5379 Las credenciales del Administrador de credenciales se leyeron...
  213962 ene. 30 13:47 SuccessA... Microsoft-Windows...         5379 Las credenciales del Administrador de credenciales se leyeron...
  213961 ene. 30 13:47 SuccessA... Microsoft-Windows...         5379 Las credenciales del Administrador de credenciales se leyeron...
  213960 ene. 30 13:47 SuccessA... Microsoft-Windows...         5379 Las credenciales del Administrador de credenciales se leyeron...
  213959 ene. 30 13:47 SuccessA... Microsoft-Windows...         5379 Las credenciales del Administrador de credenciales se leyeron...
  213958 ene. 30 13:47 SuccessA... Microsoft-Windows...         5379 Las credenciales del Administrador de credenciales se leyeron...
  213957 ene. 30 13:47 SuccessA... Microsoft-Windows...         5379 Las credenciales del Administrador de credenciales se leyeron...
  213956 ene. 30 13:47 SuccessA... Microsoft-Windows...         5379 Las credenciales del Administrador de credenciales se leyeron...
  213955 ene. 30 13:47 SuccessA... Microsoft-Windows...         5379 Las credenciales del Administrador de credenciales se leyeron...
  213954 ene. 30 13:47 SuccessA... Microsoft-Windows...         4672 Se asignaron privilegios especiales a un nuevo inicio de sesi...
  213953 ene. 30 13:47 SuccessA... Microsoft-Windows...         4624 Se inició sesión correctamente en una cuenta....
  213952 ene. 30 13:47 SuccessA... Microsoft-Windows...         5379 Las credenciales del Administrador de credenciales se leyeron...
  213951 ene. 30 13:47 SuccessA... Microsoft-Windows...         5379 Las credenciales del Administrador de credenciales se leyeron...
  213950 ene. 30 13:47 SuccessA... Microsoft-Windows...         5379 Las credenciales del Administrador de credenciales se leyeron...
  213949 ene. 30 13:47 SuccessA... Microsoft-Windows...         5379 Las credenciales del Administrador de credenciales se leyeron...
  213948 ene. 30 13:47 SuccessA... Microsoft-Windows...         5379 Las credenciales del Administrador de credenciales se leyeron...
  213947 ene. 30 13:47 SuccessA... Microsoft-Windows...         5379 Las credenciales del Administrador de credenciales se leyeron...
  213946 ene. 30 13:47 SuccessA... Microsoft-Windows...         5379 Las credenciales del Administrador de credenciales se leyeron...
  213945 ene. 30 13:47 SuccessA... Microsoft-Windows...         5379 Las credenciales del Administrador de credenciales se leyeron...
  213944 ene. 30 13:47 SuccessA... Microsoft-Windows...         5379 Las credenciales del Administrador de credenciales se leyeron...
  213943 ene. 30 13:47 SuccessA... Microsoft-Windows...         5379 Las credenciales del Administrador de credenciales se leyeron...
  213942 ene. 30 13:47 SuccessA... Microsoft-Windows...         5379 Las credenciales del Administrador de credenciales se leyeron...
  213941 ene. 30 13:47 SuccessA... Microsoft-Windows...         5379 Las credenciales del Administrador de credenciales se leyeron...
  213940 ene. 30 13:47 SuccessA... Microsoft-Windows...         5379 Las credenciales del Administrador de credenciales se leyeron...
  213939 ene. 30 13:47 SuccessA... Microsoft-Windows...         5379 Las credenciales del Administrador de credenciales se leyeron...
  213938 ene. 30 13:47 SuccessA... Microsoft-Windows...         5379 Las credenciales del Administrador de credenciales se leyeron...
  213937 ene. 30 13:47 SuccessA... Microsoft-Windows...         5379 Las credenciales del Administrador de credenciales se leyeron...
  213936 ene. 30 13:44 SuccessA... Microsoft-Windows...         5379 Las credenciales del Administrador de credenciales se leyeron...
  213935 ene. 30 13:44 SuccessA... Microsoft-Windows...         5379 Las credenciales del Administrador de credenciales se leyeron...
  213934 ene. 30 13:44 SuccessA... Microsoft-Windows...         5379 Las credenciales del Administrador de credenciales se leyeron...
  213933 ene. 30 13:44 SuccessA... Microsoft-Windows...         5379 Las credenciales del Administrador de credenciales se leyeron...
  213932 ene. 30 13:44 SuccessA... Microsoft-Windows...         5379 Las credenciales del Administrador de credenciales se leyeron...
  213931 ene. 30 13:44 SuccessA... Microsoft-Windows...         5379 Las credenciales del Administrador de credenciales se leyeron...
  213930 ene. 30 13:44 SuccessA... Microsoft-Windows...         5379 Las credenciales del Administrador de credenciales se leyeron...
  213929 ene. 30 13:44 SuccessA... Microsoft-Windows...         5379 Las credenciales del Administrador de credenciales se leyeron...
  213928 ene. 30 13:44 SuccessA... Microsoft-Windows...         5379 Las credenciales del Administrador de credenciales se leyeron...
  213927 ene. 30 13:44 SuccessA... Microsoft-Windows...         5379 Las credenciales del Administrador de credenciales se leyeron...
  213926 ene. 30 13:44 SuccessA... Microsoft-Windows...         5379 Las credenciales del Administrador de credenciales se leyeron...
  213925 ene. 30 13:44 SuccessA... Microsoft-Windows...         5379 Las credenciales del Administrador de credenciales se leyeron...
  213924 ene. 30 13:42 SuccessA... Microsoft-Windows...         5379 Las credenciales del Administrador de credenciales se leyeron...
  213923 ene. 30 13:42 SuccessA... Microsoft-Windows...         5379 Las credenciales del Administrador de credenciales se leyeron...
  213922 ene. 30 13:42 SuccessA... Microsoft-Windows...         5379 Las credenciales del Administrador de credenciales se leyeron...
  213921 ene. 30 13:42 SuccessA... Microsoft-Windows...         5379 Las credenciales del Administrador de credenciales se leyeron...
  213920 ene. 30 13:42 SuccessA... Microsoft-Windows...         5379 Las credenciales del Administrador de credenciales se leyeron...
  213919 ene. 30 13:42 SuccessA... Microsoft-Windows...         5379 Las credenciales del Administrador de credenciales se leyeron...
  213918 ene. 30 13:42 SuccessA... Microsoft-Windows...         5379 Las credenciales del Administrador de credenciales se leyeron...
  213917 ene. 30 13:42 SuccessA... Microsoft-Windows...         5379 Las credenciales del Administrador de credenciales se leyeron...
  213916 ene. 30 13:42 SuccessA... Microsoft-Windows...         5379 Las credenciales del Administrador de credenciales se leyeron...
  213915 ene. 30 13:42 SuccessA... Microsoft-Windows...         5379 Las credenciales del Administrador de credenciales se leyeron...
  213914 ene. 30 13:42 SuccessA... Microsoft-Windows...         5379 Las credenciales del Administrador de credenciales se leyeron...
  213913 ene. 30 13:42 SuccessA... Microsoft-Windows...         5379 Las credenciales del Administrador de credenciales se leyeron...
  213912 ene. 30 13:41 SuccessA... Microsoft-Windows...         5379 Las credenciales del Administrador de credenciales se leyeron...
  213911 ene. 30 13:41 SuccessA... Microsoft-Windows...         5379 Las credenciales del Administrador de credenciales se leyeron...
  213910 ene. 30 13:41 SuccessA... Microsoft-Windows...         5379 Las credenciales del Administrador de credenciales se leyeron...
  213909 ene. 30 13:41 SuccessA... Microsoft-Windows...         5379 Las credenciales del Administrador de credenciales se leyeron...
  213908 ene. 30 13:39 SuccessA... Microsoft-Windows...         5379 Las credenciales del Administrador de credenciales se leyeron...
  213907 ene. 30 13:39 SuccessA... Microsoft-Windows...         5379 Las credenciales del Administrador de credenciales se leyeron...
  213906 ene. 30 13:39 SuccessA... Microsoft-Windows...         5379 Las credenciales del Administrador de credenciales se leyeron...
  213905 ene. 30 13:39 SuccessA... Microsoft-Windows...         5379 Las credenciales del Administrador de credenciales se leyeron...
  213904 ene. 30 13:39 SuccessA... Microsoft-Windows...         5379 Las credenciales del Administrador de credenciales se leyeron...
  213903 ene. 30 13:39 SuccessA... Microsoft-Windows...         5379 Las credenciales del Administrador de credenciales se leyeron...
  213902 ene. 30 13:39 SuccessA... Microsoft-Windows...         5379 Las credenciales del Administrador de credenciales se leyeron...
  213901 ene. 30 13:39 SuccessA... Microsoft-Windows...         5379 Las credenciales del Administrador de credenciales se leyeron...
  213900 ene. 30 13:39 SuccessA... Microsoft-Windows...         5379 Las credenciales del Administrador de credenciales se leyeron...
  213899 ene. 30 13:39 SuccessA... Microsoft-Windows...         5379 Las credenciales del Administrador de credenciales se leyeron...
  213898 ene. 30 13:39 SuccessA... Microsoft-Windows...         5379 Las credenciales del Administrador de credenciales se leyeron...
  213897 ene. 30 13:39 SuccessA... Microsoft-Windows...         5379 Las credenciales del Administrador de credenciales se leyeron...
  213896 ene. 30 13:36 SuccessA... Microsoft-Windows...         5379 Las credenciales del Administrador de credenciales se leyeron...
  213895 ene. 30 13:36 SuccessA... Microsoft-Windows...         5379 Las credenciales del Administrador de credenciales se leyeron...
  213894 ene. 30 13:36 SuccessA... Microsoft-Windows...         5379 Las credenciales del Administrador de credenciales se leyeron...
  213893 ene. 30 13:36 SuccessA... Microsoft-Windows...         5379 Las credenciales del Administrador de credenciales se leyeron...
  213892 ene. 30 13:36 SuccessA... Microsoft-Windows...         5379 Las credenciales del Administrador de credenciales se leyeron...
  213891 ene. 30 13:36 SuccessA... Microsoft-Windows...         5379 Las credenciales del Administrador de credenciales se leyeron...
  213890 ene. 30 13:36 SuccessA... Microsoft-Windows...         5379 Las credenciales del Administrador de credenciales se leyeron...
  213889 ene. 30 13:36 SuccessA... Microsoft-Windows...         5379 Las credenciales del Administrador de credenciales se leyeron...
  213888 ene. 30 13:36 SuccessA... Microsoft-Windows...         5379 Las credenciales del Administrador de credenciales se leyeron...
  213887 ene. 30 13:36 SuccessA... Microsoft-Windows...         5379 Las credenciales del Administrador de credenciales se leyeron...
  213886 ene. 30 13:36 SuccessA... Microsoft-Windows...         5379 Las credenciales del Administrador de credenciales se leyeron...
  213885 ene. 30 13:36 SuccessA... Microsoft-Windows...         5379 Las credenciales del Administrador de credenciales se leyeron...
  213884 ene. 30 13:35 SuccessA... Microsoft-Windows...         5379 Las credenciales del Administrador de credenciales se leyeron...
  213883 ene. 30 13:35 SuccessA... Microsoft-Windows...         5379 Las credenciales del Administrador de credenciales se leyeron...
  213882 ene. 30 13:35 SuccessA... Microsoft-Windows...         5379 Las credenciales del Administrador de credenciales se leyeron...
  213881 ene. 30 13:35 SuccessA... Microsoft-Windows...         5379 Las credenciales del Administrador de credenciales se leyeron...
  213880 ene. 30 13:33 SuccessA... Microsoft-Windows...         5379 Las credenciales del Administrador de credenciales se leyeron...
  213879 ene. 30 13:33 SuccessA... Microsoft-Windows...         5379 Las credenciales del Administrador de credenciales se leyeron...
  213878 ene. 30 13:33 SuccessA... Microsoft-Windows...         5379 Las credenciales del Administrador de credenciales se leyeron...
  213877 ene. 30 13:33 SuccessA... Microsoft-Windows...         5379 Las credenciales del Administrador de credenciales se leyeron...
  213876 ene. 30 13:33 SuccessA... Microsoft-Windows...         5379 Las credenciales del Administrador de credenciales se leyeron...
  213875 ene. 30 13:33 SuccessA... Microsoft-Windows...         5379 Las credenciales del Administrador de credenciales se leyeron...


PS C:\WINDOWS\system32> Get-Service -ComputerName "PC-Remoto"
>> ErrorTerminación(Get-Service): "No se puede abrir el Administrador de control de servicios en el equipo 'PC-Remoto'. Puede que se requieran otros privilegios para realizar la operación."
Get-Service : No se puede abrir el Administrador de control de servicios en el equipo 'PC-Remoto'. Puede que se 
requieran otros privilegios para realizar la operación.
En línea: 1 Carácter: 1
+ Get-Service -ComputerName "PC-Remoto"
+ ~~~~~~~~~~~~~~~~~~~~~~~~~~~~~~~~~~~~~
    + CategoryInfo          : NotSpecified: (:) [Get-Service], InvalidOperationException
    + FullyQualifiedErrorId : System.InvalidOperationException,Microsoft.PowerShell.Commands.GetServiceCommand
Get-Service : No se puede abrir el Administrador de control de servicios en el equipo 'PC-Remoto'. Puede que se requieran otros
privilegios para realizar la operación.
En línea: 1 Carácter: 1
+ Get-Service -ComputerName "PC-Remoto"
+ ~~~~~~~~~~~~~~~~~~~~~~~~~~~~~~~~~~~~~
    + CategoryInfo          : NotSpecified: (:) [Get-Service], InvalidOperationException
    + FullyQualifiedErrorId : System.InvalidOperationException,Microsoft.PowerShell.Commands.GetServiceCommand

PS C:\WINDOWS\system32> help *Out-File*

NOMBRE
    Out-File

SINOPSIS
    Sends output to a file.


SINTAXIS
    Out-File [-FilePath] <String> [[-Encoding] {unknown | string | unicode | bigendianunicode | utf8 | utf7 | utf32 | ascii |
    default | oem}] [-Append] [-Confirm] [-Force] [-InputObject <PSObject>] [-NoClobber] [-NoNewline] [-WhatIf] [-Width <Int32>]
    [<CommonParameters>]

    Out-File [[-Encoding] {unknown | string | unicode | bigendianunicode | utf8 | utf7 | utf32 | ascii | default | oem}] [-Append]
    [-Confirm] [-Force] [-InputObject <PSObject>] -LiteralPath <String> [-NoClobber] [-NoNewline] [-WhatIf] [-Width <Int32>]
    [<CommonParameters>]


DESCRIPCIÓN
    The Out-File cmdlet sends output to a file. You can use this cmdlet instead of the redirection operator (>) when you need to use
    its parameters.


VÍNCULOS RELACIONADOS
    Online Version: http://go.microsoft.com/fwlink/?LinkId=821839
    Out-GridView
    Out-Printer
    Out-String
    Tee-Object

NOTAS
    Para ver los ejemplos, escriba: "get-help Out-File -examples".
    Para obtener más información, escriba: "get-help Out-File -detailed".
    Para obtener información técnica, escriba: "get-help Out-File -full".
    Para obtener ayuda disponible en línea, escriba: "get-help Out-File -online"


PS C:\WINDOWS\system32> Out-File -Width
>> ErrorTerminación(Out-File): "Falta un argumento para el parámetro 'Width'. Especifique un parámetro del tipo 'System.Int32' e inténtelo de nuevo."
Out-File : Falta un argumento para el parámetro 'Width'. Especifique un parámetro del tipo 'System.Int32' e inténtelo 
de nuevo.
En línea: 1 Carácter: 10
+ Out-File -Width
+          ~~~~~~
    + CategoryInfo          : InvalidArgument: (:) [Out-File], ParameterBindingException
    + FullyQualifiedErrorId : MissingArgument,Microsoft.PowerShell.Commands.OutFileCommand
Out-File : Falta un argumento para el parámetro 'Width'. Especifique un parámetro del tipo 'System.Int32' e inténtelo de nuevo.
En línea: 1 Carácter: 10
+ Out-File -Width
+          ~~~~~~
    + CategoryInfo          : InvalidArgument: (:) [Out-File], ParameterBindingException
    + FullyQualifiedErrorId : MissingArgument,Microsoft.PowerShell.Commands.OutFileCommand

PS C:\WINDOWS\system32> Get-Process | Ou-File procesos.txt
Ou-File : El término 'Ou-File' no se reconoce como nombre de un cmdlet, función, archivo de script o programa 
ejecutable. Compruebe si escribió correctamente el nombre o, si incluyó una ruta de acceso, compruebe que dicha ruta es 
correcta e inténtelo de nuevo.
En línea: 1 Carácter: 15
+ Get-Process | Ou-File procesos.txt
+               ~~~~~~~
    + CategoryInfo          : ObjectNotFound: (Ou-File:String) [], CommandNotFoundException
    + FullyQualifiedErrorId : CommandNotFoundException
Ou-File : El término 'Ou-File' no se reconoce como nombre de un cmdlet, función, archivo de script o programa ejecutable. Compruebe
si escribió correctamente el nombre o, si incluyó una ruta de acceso, compruebe que dicha ruta es correcta e inténtelo de nuevo.
En línea: 1 Carácter: 15
+ Get-Process | Ou-File procesos.txt
+               ~~~~~~~
    + CategoryInfo          : ObjectNotFound: (Ou-File:String) [], CommandNotFoundException
    + FullyQualifiedErrorId : CommandNotFoundException

PS C:\WINDOWS\system32> Get-Process | Out-File procesos.txt
PS C:\WINDOWS\system32> Stop-Transcript
**********************
Fin de la transcripción de Windows PowerShell
Hora de finalización: 20200130140919
**********************
